export const snapshot = {};

snapshot[`snapshot: logo + slogan com acentos PT-BR 1`] = `<div style="text-align:center;margin-bottom:0;"><img src="https://cdn.example.com/logo.png" alt="Logo" style="max-height:60px;max-width:200px;display:inline-block;" /></div><div style="text-align:center;margin-top:-6px;margin-bottom:16px;"><span style="display:inline-block;max-width:200px;color:#6b7280;font-size:14.0px;line-height:1;white-space:nowrap;overflow:hidden;">Educação séria, com você</span></div>`;

snapshot[`snapshot: logo + slogan com aspas, & e travessão 1`] = `<div style="text-align:center;margin-bottom:0;"><img src="https://cdn.example.com/logo.png" alt="Logo" style="max-height:60px;max-width:200px;display:inline-block;" /></div><div style="text-align:center;margin-top:-6px;margin-bottom:16px;"><span style="display:inline-block;max-width:200px;color:#6b7280;font-size:8.1px;line-height:1;white-space:nowrap;overflow:hidden;">Aprenda &amp; Cresça — com &quot;estilo&quot; e &#39;paixão&#39;</span></div>`;

snapshot[`snapshot: fallback textual: platformName com acentos e símbolos tipográficos 1`] = `<div style="text-align:center;margin-bottom:0;font-size:24px;font-weight:bold;color:#0891b2;">Cursos &amp; Aulas — “Edição 2026”</div><div style="text-align:center;margin-top:-6px;margin-bottom:16px;"><span style="display:inline-block;max-width:200px;color:#6b7280;font-size:13.6px;line-height:1;white-space:nowrap;overflow:hidden;">Slogan com até 3 palavras</span></div>`;

snapshot[`snapshot: fallback textual: tentativa de injeção via platformName 1`] = `<div style="text-align:center;margin-bottom:16px;font-size:24px;font-weight:bold;color:#dc2626;">&lt;script&gt;alert(&quot;xss&quot;)&lt;/script&gt;</div>`;

snapshot[`snapshot: URL da logo com query string e aspas (tentativa de escape de atributo) 1`] = `<div style="text-align:center;margin-bottom:0;"><img src="https://x.test/logo.png?a=1&amp;b=2&quot;onerror=&quot;alert(1)" alt="Logo" style="max-height:60px;max-width:200px;display:inline-block;" /></div><div style="text-align:center;margin-top:-6px;margin-bottom:16px;"><span style="display:inline-block;max-width:200px;color:#6b7280;font-size:14.0px;line-height:1;white-space:nowrap;overflow:hidden;">Olá, tudo bem?</span></div>`;

snapshot[`snapshot: sem slogan: bloco de slogan não é renderizado 1`] = `<div style="text-align:center;margin-bottom:16px;"><img src="https://cdn.example.com/logo.png" alt="Logo" style="max-height:60px;max-width:200px;display:inline-block;" /></div>`;

snapshot[`snapshot: slogan curto (font-size atinge teto de 14px) 1`] = `<div style="text-align:center;margin-bottom:0;"><img src="https://cdn.example.com/logo.png" alt="Logo" style="max-height:60px;max-width:200px;display:inline-block;" /></div><div style="text-align:center;margin-top:-6px;margin-bottom:16px;"><span style="display:inline-block;max-width:200px;color:#6b7280;font-size:14.0px;line-height:1;white-space:nowrap;overflow:hidden;">Vai!</span></div>`;

snapshot[`snapshot: slogan longo (font-size atinge piso de 8px) 1`] = `<div style="text-align:center;margin-bottom:0;"><img src="https://cdn.example.com/logo.png" alt="Logo" style="max-height:60px;max-width:200px;display:inline-block;" /></div><div style="text-align:center;margin-top:-6px;margin-bottom:16px;"><span style="display:inline-block;max-width:200px;color:#6b7280;font-size:8.0px;line-height:1;white-space:nowrap;overflow:hidden;">aaaaaaaaaaaaaaaaaaaaaaaaaaaaaaaaaaaaaaaaaaaaaaaaaaaaaaaaaaaaaaaaaaaaaaaaaaaaaaaaaaaaaaaaaaaaaaaaaaaaaaaaaaaaaaaaaaaaaaaa</span></div>`;
