export const snapshot = {};

snapshot[`snapshot: logo + slogan com acentos PT-BR 1`] = `'<div style="text-align:center;margin-bottom:16px;"><table role="presentation" cellpadding="0" cellspacing="0" border="0" style="border-collapse:collapse;display:inline-block;width:auto;"><tr><td style="padding:0;text-align:center;"><img src="https://cdn.example.com/logo.png" alt="Logo" height="80" style="height:80px;width:auto;max-width:320px;display:block;border:0;outline:none;" /></td></tr><tr><td style="padding:0;text-align:center;"><div style="width:100%;margin-top:-12px;color:#6b7280;font-size:18.0px;line-height:1;white-space:nowrap;overflow:hidden;">Educação séria, com você</div></td></tr></table></div>'`;

snapshot[`snapshot: logo + slogan com aspas, & e travessão 1`] = `'<div style="text-align:center;margin-bottom:16px;"><table role="presentation" cellpadding="0" cellspacing="0" border="0" style="border-collapse:collapse;display:inline-block;width:auto;"><tr><td style="padding:0;text-align:center;"><img src="https://cdn.example.com/logo.png" alt="Logo" height="80" style="height:80px;width:auto;max-width:320px;display:block;border:0;outline:none;" /></td></tr><tr><td style="padding:0;text-align:center;"><div style="width:100%;margin-top:-12px;color:#6b7280;font-size:13.0px;line-height:1;white-space:nowrap;overflow:hidden;">Aprenda &amp; Cresça — com &quot;estilo&quot; e &#39;paixão&#39;</div></td></tr></table></div>'`;

snapshot[`snapshot: fallback textual: platformName com acentos e símbolos tipográficos 1`] = `'<div style="text-align:center;margin-bottom:16px;"><table role="presentation" cellpadding="0" cellspacing="0" border="0" style="border-collapse:collapse;display:inline-block;width:auto;"><tr><td style="padding:0;text-align:center;"><div style="font-size:24px;font-weight:bold;color:#0891b2;line-height:1;white-space:nowrap;">Cursos &amp; Aulas — “Edição 2026”</div></td></tr><tr><td style="padding:0;text-align:center;"><div style="width:100%;margin-top:-12px;color:#6b7280;font-size:18.0px;line-height:1;white-space:nowrap;overflow:hidden;">Slogan com até 3 palavras</div></td></tr></table></div>'`;

snapshot[`snapshot: fallback textual: tentativa de injeção via platformName 1`] = `'<div style="text-align:center;margin-bottom:16px;"><table role="presentation" cellpadding="0" cellspacing="0" border="0" style="border-collapse:collapse;display:inline-block;width:auto;"><tr><td style="padding:0;text-align:center;"><div style="font-size:24px;font-weight:bold;color:#dc2626;line-height:1;white-space:nowrap;">&lt;script&gt;alert(&quot;xss&quot;)&lt;/script&gt;</div></td></tr></table></div>'`;

snapshot[`snapshot: URL da logo com query string e aspas (tentativa de escape de atributo) 1`] = `'<div style="text-align:center;margin-bottom:16px;"><table role="presentation" cellpadding="0" cellspacing="0" border="0" style="border-collapse:collapse;display:inline-block;width:auto;"><tr><td style="padding:0;text-align:center;"><img src="https://x.test/logo.png?a=1&amp;b=2&quot;onerror=&quot;alert(1)" alt="Logo" height="80" style="height:80px;width:auto;max-width:320px;display:block;border:0;outline:none;" /></td></tr><tr><td style="padding:0;text-align:center;"><div style="width:100%;margin-top:-12px;color:#6b7280;font-size:18.0px;line-height:1;white-space:nowrap;overflow:hidden;">Olá, tudo bem?</div></td></tr></table></div>'`;

snapshot[`snapshot: sem slogan: bloco de slogan não é renderizado 1`] = `'<div style="text-align:center;margin-bottom:16px;"><table role="presentation" cellpadding="0" cellspacing="0" border="0" style="border-collapse:collapse;display:inline-block;width:auto;"><tr><td style="padding:0;text-align:center;"><img src="https://cdn.example.com/logo.png" alt="Logo" height="80" style="height:80px;width:auto;max-width:320px;display:block;border:0;outline:none;" /></td></tr></table></div>'`;

snapshot[`snapshot: slogan curto (font-size atinge teto de 18px) 1`] = `'<div style="text-align:center;margin-bottom:16px;"><table role="presentation" cellpadding="0" cellspacing="0" border="0" style="border-collapse:collapse;display:inline-block;width:auto;"><tr><td style="padding:0;text-align:center;"><img src="https://cdn.example.com/logo.png" alt="Logo" height="80" style="height:80px;width:auto;max-width:320px;display:block;border:0;outline:none;" /></td></tr><tr><td style="padding:0;text-align:center;"><div style="width:100%;margin-top:-12px;color:#6b7280;font-size:18.0px;line-height:1;white-space:nowrap;overflow:hidden;">Vai!</div></td></tr></table></div>'`;

snapshot[`snapshot: slogan longo (font-size atinge piso de 8px) 1`] = `'<div style="text-align:center;margin-bottom:16px;"><table role="presentation" cellpadding="0" cellspacing="0" border="0" style="border-collapse:collapse;display:inline-block;width:auto;"><tr><td style="padding:0;text-align:center;"><img src="https://cdn.example.com/logo.png" alt="Logo" height="80" style="height:80px;width:auto;max-width:320px;display:block;border:0;outline:none;" /></td></tr><tr><td style="padding:0;text-align:center;"><div style="width:100%;margin-top:-12px;color:#6b7280;font-size:8.0px;line-height:1;white-space:nowrap;overflow:hidden;">aaaaaaaaaaaaaaaaaaaaaaaaaaaaaaaaaaaaaaaaaaaaaaaaaaaaaaaaaaaaaaaaaaaaaaaaaaaaaaaaaaaaaaaaaaaaaaaaaaaaaaaaaaaaaaaaaaaaaaaa</div></td></tr></table></div>'`;

